// Jest Snapshot v1, https://goo.gl/fbAQLP

exports[`Auth Routes /login should have a validation schema 1`] = `
Object {
  "children": Object {
    "password": Object {
      "flags": Object {
        "presence": "required",
      },
      "invalids": Array [
        "",
      ],
      "type": "string",
    },
    "token": Object {
      "invalids": Array [
        "",
      ],
      "type": "string",
    },
    "username": Object {
      "flags": Object {
        "presence": "required",
      },
      "invalids": Array [
        "",
      ],
      "type": "string",
    },
  },
  "flags": Object {
    "presence": "required",
  },
  "type": "object",
}
`;
