// Jest Snapshot v1, https://goo.gl/fbAQLP

exports[`DragAndDropItem react component should render item using children prop as render function 1`] = `
<div
  className="list-group-item draggable"
>
  <Connect(Icon)
    icon="bars"
  />
  <span>
    Showing item 
    item1
     
    1
  </span>
</div>
`;
