// Jest Snapshot v1, https://goo.gl/fbAQLP

exports[`CustomUploads requestState should get the uploads 1`] = `
Array [
  Object {
    "type": "customUploads/SET",
    "value": "uploads",
  },
]
`;

exports[`CustomUploads should render CustomUploads component with uploaded files 1`] = `
<div
  className="panel panel-default"
>
  <div
    className="panel-heading"
  >
    Custom Uploads
  </div>
  <div
    className="panel-body custom-uploads"
  >
    <t
      className="upload-box"
      disableClick={false}
      disablePreview={false}
      disabled={false}
      maxSize={Infinity}
      minSize={0}
      multiple={true}
      onDrop={[Function]}
      preventDropOnDocument={true}
    >
      <div
        className="upload-box_wrapper"
      >
        <Connect(Icon)
          icon="upload"
        />
        <button
          className="upload-box_link"
          type="button"
        >
          Browse files to upload
        </button>
        <span>
           or drop your files here.
        </span>
      </div>
    </t>
    <ul>
      <li
        key="file1"
      >
        <Thumbnail
          alt=""
          file="/assets/file1"
        />
        <div
          className="info"
        >
          URL:
          <br />
          <span
            className="thumbnail-url"
          >
            /assets/file1
          </span>
          <ConfirmButton
            action={[Function]}
            className=""
            message="Are you sure you want to continue?"
            title="Confirm action"
          >
            Delete
          </ConfirmButton>
        </div>
      </li>
      <li
        key="file2"
      >
        <Thumbnail
          alt=""
          file="/assets/file2"
        />
        <div
          className="info"
        >
          URL:
          <br />
          <span
            className="thumbnail-url"
          >
            /assets/file2
          </span>
          <ConfirmButton
            action={[Function]}
            className=""
            message="Are you sure you want to continue?"
            title="Confirm action"
          >
            Delete
          </ConfirmButton>
        </div>
      </li>
    </ul>
  </div>
</div>
`;

exports[`CustomUploads when upload on progress should render on progress feedback 1`] = `
<div
  className="panel panel-default"
>
  <div
    className="panel-heading"
  >
    Custom Uploads
  </div>
  <div
    className="panel-body custom-uploads"
  >
    <t
      className="upload-box"
      disableClick={false}
      disablePreview={false}
      disabled={false}
      maxSize={Infinity}
      minSize={0}
      multiple={true}
      onDrop={[Function]}
      preventDropOnDocument={true}
    >
      <div
        className="upload-box_wrapper"
      >
        <Connect(Icon)
          icon="upload"
        />
        <button
          className="upload-box_link"
          type="button"
        >
          Browse files to upload
        </button>
        <span>
           or drop your files here.
        </span>
      </div>
      <div
        className="uploading"
      >
        <Connect(Icon)
          icon="spinner"
          spin={true}
        />
         Uploading ...
      </div>
    </t>
    <ul />
  </div>
</div>
`;
