// Jest Snapshot v1, https://goo.gl/fbAQLP

exports[`ThesaurisList render should match the snapshot 1`] = `
<div
  className="flex panel panel-default"
>
  <div
    className="panel-heading"
  >
    Thesauri
  </div>
  <div
    className="thesauri-list"
  >
    <table>
      <thead>
        <tr>
          <th
            className="nameCol"
            scope="col"
          />
          <th
            scope="col"
          />
          <th
            scope="col"
          />
        </tr>
      </thead>
      <tbody>
        <tr
          key="Continents"
        >
          <th
            scope="row"
          >
            Continents
          </th>
          <td>
            <div
              className="vertical-line"
            >
              <Connect(I18NLink)
                className="btn btn-default btn-xs"
                to="/settings/dictionaries/cockpit/thesaurusUnderscoreId1"
              >
                <span>
                  Configure suggestions
                </span>
              </Connect(I18NLink)>
            </div>
          </td>
          <td>
            <div>
              <Connect(I18NLink)
                className="btn btn-default btn-xs"
                confirmMessage=""
                confirmTitle=""
                to="/settings/dictionaries/edit/thesaurusUnderscoreId1"
              >
                <Connect(Icon)
                  icon="pencil-alt"
                />
                 
                <span>
                  Edit
                </span>
              </Connect(I18NLink)>
                
              <button
                className="btn btn-danger btn-xs template-remove"
                onClick={[Function]}
                type="button"
              >
                <Connect(Icon)
                  icon="trash-alt"
                />
                 
                <span>
                  Delete
                </span>
              </button>
            </div>
          </td>
        </tr>
        <tr
          key="Issues"
        >
          <th
            scope="row"
          >
            Issues
          </th>
          <td>
            <div
              className="vertical-line"
            >
              <span
                className="thesaurus-suggestion-count"
              >
                3
                 
                documents to be reviewed
              </span>
              <Connect(I18NLink)
                className="btn btn-default btn-xs"
                to="/settings/dictionaries/cockpit/thesaurusUnderscoreId2"
              >
                <span>
                  Configure suggestions
                </span>
              </Connect(I18NLink)>
            </div>
          </td>
          <td>
            <div>
              <Connect(I18NLink)
                className="btn btn-default btn-xs"
                confirmMessage="Uwazi suggests labels based on the current content of the document collection and its metadata. Editing this thesaurus, the content of the documents or other metadata can affect Uwazi’s understanding of what to suggest."
                confirmTitle="Confirm edit suggestion-enabled Thesaurus"
                to="/settings/dictionaries/edit/thesaurusUnderscoreId2"
              >
                <Connect(Icon)
                  icon="pencil-alt"
                />
                 
                <span>
                  Edit
                </span>
              </Connect(I18NLink)>
                
              <button
                className="btn btn-danger btn-xs template-remove"
                onClick={[Function]}
                type="button"
              >
                <Connect(Icon)
                  icon="trash-alt"
                />
                 
                <span>
                  Delete
                </span>
              </button>
            </div>
          </td>
        </tr>
      </tbody>
    </table>
  </div>
  <div
    className="settings-footer"
  >
    <Connect(I18NLink)
      className="btn btn-success"
      to="/settings/dictionaries/new"
    >
      <Connect(Icon)
        icon="plus"
      />
      <span
        className="btn-label"
      >
        Add thesaurus
      </span>
    </Connect(I18NLink)>
  </div>
</div>
`;
