// Jest Snapshot v1, https://goo.gl/fbAQLP

exports[`search routes /api/search/count_by_template should have a validation schema 1`] = `
Object {
  "children": Object {
    "templateId": Object {
      "flags": Object {
        "presence": "required",
      },
      "invalids": Array [
        "",
      ],
      "type": "string",
    },
  },
  "flags": Object {
    "presence": "required",
  },
  "type": "object",
}
`;
