// Jest Snapshot v1, https://goo.gl/fbAQLP

exports[`ThesauriFormField should render thesaurus item field 1`] = `
<div
  key="item-1"
>
  <Modeled(Connect(Field))
    model="thesauri.data.values[1].label"
  >
    <input
      className="form-control"
      placeholder="Item name"
      type="text"
    />
    <button
      className="btn btn-xs btn-danger"
      onClick={[Function]}
      tabIndex={501}
      type="button"
    >
      <Connect(Icon)
        icon="trash-alt"
      />
       Delete
    </button>
  </Modeled(Connect(Field))>
</div>
`;
