// Jest Snapshot v1, https://goo.gl/fbAQLP

exports[`Users requestState should get the current user, and metadata 1`] = `
Array [
  Object {
    "type": "users/SET",
    "value": Array [
      Object {
        "_id": 1,
        "name": "Batman",
      },
    ],
  },
]
`;
