// Jest Snapshot v1, https://goo.gl/fbAQLP

exports[`Link should render a slideshow 1`] = `
<ImageGallery
  additionalClass=""
  autoPlay={true}
  disableArrowKeys={false}
  disableSwipe={false}
  disableThumbnailScroll={false}
  flickThreshold={0.4}
  indexSeparator=" / "
  infinite={true}
  isRTL={false}
  items={
    Array [
      Object {
        "renderItem": [Function],
      },
      Object {
        "renderItem": [Function],
      },
    ]
  }
  lazyLoad={false}
  preventDefaultTouchmoveEvent={false}
  renderFullscreenButton={[Function]}
  renderLeftNav={[Function]}
  renderPlayPauseButton={[Function]}
  renderRightNav={[Function]}
  showBullets={false}
  showFullscreenButton={false}
  showIndex={false}
  showNav={false}
  showPlayButton={false}
  showThumbnails={false}
  slideDuration={450}
  slideInterval={3000}
  startIndex={0}
  stopPropagation={false}
  swipeThreshold={30}
  swipingTransitionDuration={0}
  thumbnailPosition="bottom"
  useBrowserFullscreen={true}
  useTranslate3D={true}
/>
`;
