// Jest Snapshot v1, https://goo.gl/fbAQLP

exports[`EditPage static requestState() should request page being edited 1`] = `
Array [
  Object {
    "external": true,
    "load": true,
    "model": "page.data",
    "multi": false,
    "silent": true,
    "type": "rrf/change",
    "value": Object {
      "_id": "abc2",
      "title": "Page 1",
    },
  },
]
`;
